<!doctype html public "-//w3c//dtd html 4.0 transitional//en">
<html><head>
<title>Static Call Graph - [.\Objects\UART_TxRx_Interrupt.axf]</title></head>
<body><HR>
<H1>Static Call Graph for image .\Objects\UART_TxRx_Interrupt.axf</H1><HR>
<BR><P>#&#060CALLGRAPH&#062# ARM Linker, 5060960: Last Updated: Fri Feb 05 14:00:23 2021
<BR><P>
<H3>Maximum Stack Usage =        116 bytes + Unknown(Cycles, Untraceable Function Pointers)</H3><H3>
Call chain for Maximum Stack Depth:</H3>
main &rArr; UARTx_Configure &rArr; UART_Init &rArr; RCC_GetPCLK2Freq &rArr; RCC_GetHCLKFreq &rArr; RCC_GetSysClockFreq &rArr; __aeabi_uidivmod
<P>
<H3>
Mutually Recursive functions
</H3> <LI><a href="#[1]">NMI_Handler</a>&nbsp;&nbsp;&nbsp;&rArr;&nbsp;&nbsp;&nbsp;<a href="#[1]">NMI_Handler</a><BR>
 <LI><a href="#[2]">HardFault_Handler</a>&nbsp;&nbsp;&nbsp;&rArr;&nbsp;&nbsp;&nbsp;<a href="#[2]">HardFault_Handler</a><BR>
 <LI><a href="#[3]">SVC_Handler</a>&nbsp;&nbsp;&nbsp;&rArr;&nbsp;&nbsp;&nbsp;<a href="#[3]">SVC_Handler</a><BR>
 <LI><a href="#[4]">PendSV_Handler</a>&nbsp;&nbsp;&nbsp;&rArr;&nbsp;&nbsp;&nbsp;<a href="#[4]">PendSV_Handler</a><BR>
 <LI><a href="#[11]">ADC1_COMP_IRQHandler</a>&nbsp;&nbsp;&nbsp;&rArr;&nbsp;&nbsp;&nbsp;<a href="#[11]">ADC1_COMP_IRQHandler</a><BR>
</UL>
<P>
<H3>
Function Pointers
</H3><UL>
 <LI><a href="#[11]">ADC1_COMP_IRQHandler</a> from startup_mm32f032xx_s_keil.o(.text) referenced from startup_mm32f032xx_s_keil.o(RESET)
 <LI><a href="#[1e]">CAN_IRQHandler</a> from startup_mm32f032xx_s_keil.o(.text) referenced from startup_mm32f032xx_s_keil.o(RESET)
 <LI><a href="#[e]">DMA1_Channel1_IRQHandler</a> from startup_mm32f032xx_s_keil.o(.text) referenced from startup_mm32f032xx_s_keil.o(RESET)
 <LI><a href="#[f]">DMA1_Channel2_3_IRQHandler</a> from startup_mm32f032xx_s_keil.o(.text) referenced from startup_mm32f032xx_s_keil.o(RESET)
 <LI><a href="#[10]">DMA1_Channel4_5_IRQHandler</a> from startup_mm32f032xx_s_keil.o(.text) referenced from startup_mm32f032xx_s_keil.o(RESET)
 <LI><a href="#[b]">EXTI0_1_IRQHandler</a> from startup_mm32f032xx_s_keil.o(.text) referenced from startup_mm32f032xx_s_keil.o(RESET)
 <LI><a href="#[c]">EXTI2_3_IRQHandler</a> from startup_mm32f032xx_s_keil.o(.text) referenced from startup_mm32f032xx_s_keil.o(RESET)
 <LI><a href="#[d]">EXTI4_15_IRQHandler</a> from startup_mm32f032xx_s_keil.o(.text) referenced from startup_mm32f032xx_s_keil.o(RESET)
 <LI><a href="#[9]">FLASH_IRQHandler</a> from startup_mm32f032xx_s_keil.o(.text) referenced from startup_mm32f032xx_s_keil.o(RESET)
 <LI><a href="#[2]">HardFault_Handler</a> from startup_mm32f032xx_s_keil.o(.text) referenced from startup_mm32f032xx_s_keil.o(RESET)
 <LI><a href="#[19]">I2C1_IRQHandler</a> from startup_mm32f032xx_s_keil.o(.text) referenced from startup_mm32f032xx_s_keil.o(RESET)
 <LI><a href="#[1]">NMI_Handler</a> from startup_mm32f032xx_s_keil.o(.text) referenced from startup_mm32f032xx_s_keil.o(RESET)
 <LI><a href="#[7]">PVD_IRQHandler</a> from startup_mm32f032xx_s_keil.o(.text) referenced from startup_mm32f032xx_s_keil.o(RESET)
 <LI><a href="#[4]">PendSV_Handler</a> from startup_mm32f032xx_s_keil.o(.text) referenced from startup_mm32f032xx_s_keil.o(RESET)
 <LI><a href="#[a]">RCC_CRS_IRQHandler</a> from startup_mm32f032xx_s_keil.o(.text) referenced from startup_mm32f032xx_s_keil.o(RESET)
 <LI><a href="#[8]">RTC_BKP_IRQHandler</a> from startup_mm32f032xx_s_keil.o(.text) referenced from startup_mm32f032xx_s_keil.o(RESET)
 <LI><a href="#[0]">Reset_Handler</a> from startup_mm32f032xx_s_keil.o(.text) referenced from startup_mm32f032xx_s_keil.o(RESET)
 <LI><a href="#[1a]">SPI1_IRQHandler</a> from startup_mm32f032xx_s_keil.o(.text) referenced from startup_mm32f032xx_s_keil.o(RESET)
 <LI><a href="#[1b]">SPI2_IRQHandler</a> from startup_mm32f032xx_s_keil.o(.text) referenced from startup_mm32f032xx_s_keil.o(RESET)
 <LI><a href="#[3]">SVC_Handler</a> from startup_mm32f032xx_s_keil.o(.text) referenced from startup_mm32f032xx_s_keil.o(RESET)
 <LI><a href="#[5]">SysTick_Handler</a> from systick.o(i.SysTick_Handler) referenced from startup_mm32f032xx_s_keil.o(RESET)
 <LI><a href="#[21]">SystemInit</a> from system_mm32f032xx_s.o(i.SystemInit) referenced from startup_mm32f032xx_s_keil.o(.text)
 <LI><a href="#[16]">TIM14_IRQHandler</a> from startup_mm32f032xx_s_keil.o(.text) referenced from startup_mm32f032xx_s_keil.o(RESET)
 <LI><a href="#[17]">TIM16_IRQHandler</a> from startup_mm32f032xx_s_keil.o(.text) referenced from startup_mm32f032xx_s_keil.o(RESET)
 <LI><a href="#[18]">TIM17_IRQHandler</a> from startup_mm32f032xx_s_keil.o(.text) referenced from startup_mm32f032xx_s_keil.o(RESET)
 <LI><a href="#[12]">TIM1_BRK_UP_TRG_COM_IRQHandler</a> from startup_mm32f032xx_s_keil.o(.text) referenced from startup_mm32f032xx_s_keil.o(RESET)
 <LI><a href="#[13]">TIM1_CC_IRQHandler</a> from startup_mm32f032xx_s_keil.o(.text) referenced from startup_mm32f032xx_s_keil.o(RESET)
 <LI><a href="#[14]">TIM2_IRQHandler</a> from startup_mm32f032xx_s_keil.o(.text) referenced from startup_mm32f032xx_s_keil.o(RESET)
 <LI><a href="#[15]">TIM3_IRQHandler</a> from startup_mm32f032xx_s_keil.o(.text) referenced from startup_mm32f032xx_s_keil.o(RESET)
 <LI><a href="#[1c]">UART1_IRQHandler</a> from uart.o(i.UART1_IRQHandler) referenced from startup_mm32f032xx_s_keil.o(RESET)
 <LI><a href="#[1d]">UART2_IRQHandler</a> from uart.o(i.UART2_IRQHandler) referenced from startup_mm32f032xx_s_keil.o(RESET)
 <LI><a href="#[1f]">USB_IRQHandler</a> from startup_mm32f032xx_s_keil.o(.text) referenced from startup_mm32f032xx_s_keil.o(RESET)
 <LI><a href="#[6]">WWDG_IRQHandler</a> from startup_mm32f032xx_s_keil.o(.text) referenced from startup_mm32f032xx_s_keil.o(RESET)
 <LI><a href="#[22]">__main</a> from entry.o(.ARM.Collect$$$$00000000) referenced from startup_mm32f032xx_s_keil.o(.text)
 <LI><a href="#[23]">fputc</a> from uart.o(i.fputc) referenced from printf2.o(i.__0printf$2)
 <LI><a href="#[20]">main</a> from main.o(i.main) referenced from entry9a.o(.ARM.Collect$$$$0000000B)
</UL>
<P>
<H3>
Global Symbols
</H3>
<P><STRONG><a name="[22]"></a>__main</STRONG> (Thumb, 0 bytes, Stack size unknown bytes, entry.o(.ARM.Collect$$$$00000000))
<BR>[Address Reference Count : 1]<UL><LI> startup_mm32f032xx_s_keil.o(.text)
</UL>
<P><STRONG><a name="[4d]"></a>_main_stk</STRONG> (Thumb, 0 bytes, Stack size unknown bytes, entry2.o(.ARM.Collect$$$$00000001))

<P><STRONG><a name="[24]"></a>_main_scatterload</STRONG> (Thumb, 0 bytes, Stack size unknown bytes, entry5.o(.ARM.Collect$$$$00000004))
<BR><BR>[Calls]<UL><LI><a href="#[25]">&gt;&gt;</a>&nbsp;&nbsp;&nbsp;__scatterload
</UL>

<P><STRONG><a name="[28]"></a>__main_after_scatterload</STRONG> (Thumb, 0 bytes, Stack size unknown bytes, entry5.o(.ARM.Collect$$$$00000004))
<BR><BR>[Called By]<UL><LI><a href="#[25]">&gt;&gt;</a>&nbsp;&nbsp;&nbsp;__scatterload
</UL>

<P><STRONG><a name="[4e]"></a>_main_clock</STRONG> (Thumb, 0 bytes, Stack size unknown bytes, entry7b.o(.ARM.Collect$$$$00000008))

<P><STRONG><a name="[4f]"></a>_main_cpp_init</STRONG> (Thumb, 0 bytes, Stack size unknown bytes, entry8b.o(.ARM.Collect$$$$0000000A))

<P><STRONG><a name="[50]"></a>_main_init</STRONG> (Thumb, 0 bytes, Stack size unknown bytes, entry9a.o(.ARM.Collect$$$$0000000B))

<P><STRONG><a name="[26]"></a>__rt_lib_shutdown_fini</STRONG> (Thumb, 0 bytes, Stack size unknown bytes, entry12b.o(.ARM.Collect$$$$0000000E))
<BR><BR>[Calls]<UL><LI><a href="#[27]">&gt;&gt;</a>&nbsp;&nbsp;&nbsp;__arm_fini_ (Weak Reference)
</UL>

<P><STRONG><a name="[51]"></a>__rt_final_cpp</STRONG> (Thumb, 0 bytes, Stack size unknown bytes, entry10a.o(.ARM.Collect$$$$0000000F))

<P><STRONG><a name="[52]"></a>__rt_final_exit</STRONG> (Thumb, 0 bytes, Stack size unknown bytes, entry11a.o(.ARM.Collect$$$$00000011))

<P><STRONG><a name="[0]"></a>Reset_Handler</STRONG> (Thumb, 38 bytes, Stack size 0 bytes, startup_mm32f032xx_s_keil.o(.text))
<BR>[Address Reference Count : 1]<UL><LI> startup_mm32f032xx_s_keil.o(RESET)
</UL>
<P><STRONG><a name="[1]"></a>NMI_Handler</STRONG> (Thumb, 2 bytes, Stack size 0 bytes, startup_mm32f032xx_s_keil.o(.text))
<BR><BR>[Calls]<UL><LI><a href="#[1]">&gt;&gt;</a>&nbsp;&nbsp;&nbsp;NMI_Handler
</UL>
<BR>[Called By]<UL><LI><a href="#[1]">&gt;&gt;</a>&nbsp;&nbsp;&nbsp;NMI_Handler
</UL>
<BR>[Address Reference Count : 1]<UL><LI> startup_mm32f032xx_s_keil.o(RESET)
</UL>
<P><STRONG><a name="[2]"></a>HardFault_Handler</STRONG> (Thumb, 2 bytes, Stack size 0 bytes, startup_mm32f032xx_s_keil.o(.text))
<BR><BR>[Calls]<UL><LI><a href="#[2]">&gt;&gt;</a>&nbsp;&nbsp;&nbsp;HardFault_Handler
</UL>
<BR>[Called By]<UL><LI><a href="#[2]">&gt;&gt;</a>&nbsp;&nbsp;&nbsp;HardFault_Handler
</UL>
<BR>[Address Reference Count : 1]<UL><LI> startup_mm32f032xx_s_keil.o(RESET)
</UL>
<P><STRONG><a name="[3]"></a>SVC_Handler</STRONG> (Thumb, 2 bytes, Stack size 0 bytes, startup_mm32f032xx_s_keil.o(.text))
<BR><BR>[Calls]<UL><LI><a href="#[3]">&gt;&gt;</a>&nbsp;&nbsp;&nbsp;SVC_Handler
</UL>
<BR>[Called By]<UL><LI><a href="#[3]">&gt;&gt;</a>&nbsp;&nbsp;&nbsp;SVC_Handler
</UL>
<BR>[Address Reference Count : 1]<UL><LI> startup_mm32f032xx_s_keil.o(RESET)
</UL>
<P><STRONG><a name="[4]"></a>PendSV_Handler</STRONG> (Thumb, 2 bytes, Stack size 0 bytes, startup_mm32f032xx_s_keil.o(.text))
<BR><BR>[Calls]<UL><LI><a href="#[4]">&gt;&gt;</a>&nbsp;&nbsp;&nbsp;PendSV_Handler
</UL>
<BR>[Called By]<UL><LI><a href="#[4]">&gt;&gt;</a>&nbsp;&nbsp;&nbsp;PendSV_Handler
</UL>
<BR>[Address Reference Count : 1]<UL><LI> startup_mm32f032xx_s_keil.o(RESET)
</UL>
<P><STRONG><a name="[11]"></a>ADC1_COMP_IRQHandler</STRONG> (Thumb, 0 bytes, Stack size 0 bytes, startup_mm32f032xx_s_keil.o(.text))
<BR><BR>[Calls]<UL><LI><a href="#[11]">&gt;&gt;</a>&nbsp;&nbsp;&nbsp;ADC1_COMP_IRQHandler
</UL>
<BR>[Called By]<UL><LI><a href="#[11]">&gt;&gt;</a>&nbsp;&nbsp;&nbsp;ADC1_COMP_IRQHandler
</UL>
<BR>[Address Reference Count : 1]<UL><LI> startup_mm32f032xx_s_keil.o(RESET)
</UL>
<P><STRONG><a name="[1e]"></a>CAN_IRQHandler</STRONG> (Thumb, 0 bytes, Stack size 0 bytes, startup_mm32f032xx_s_keil.o(.text))
<BR>[Address Reference Count : 1]<UL><LI> startup_mm32f032xx_s_keil.o(RESET)
</UL>
<P><STRONG><a name="[e]"></a>DMA1_Channel1_IRQHandler</STRONG> (Thumb, 0 bytes, Stack size 0 bytes, startup_mm32f032xx_s_keil.o(.text))
<BR>[Address Reference Count : 1]<UL><LI> startup_mm32f032xx_s_keil.o(RESET)
</UL>
<P><STRONG><a name="[f]"></a>DMA1_Channel2_3_IRQHandler</STRONG> (Thumb, 0 bytes, Stack size 0 bytes, startup_mm32f032xx_s_keil.o(.text))
<BR>[Address Reference Count : 1]<UL><LI> startup_mm32f032xx_s_keil.o(RESET)
</UL>
<P><STRONG><a name="[10]"></a>DMA1_Channel4_5_IRQHandler</STRONG> (Thumb, 0 bytes, Stack size 0 bytes, startup_mm32f032xx_s_keil.o(.text))
<BR>[Address Reference Count : 1]<UL><LI> startup_mm32f032xx_s_keil.o(RESET)
</UL>
<P><STRONG><a name="[b]"></a>EXTI0_1_IRQHandler</STRONG> (Thumb, 0 bytes, Stack size 0 bytes, startup_mm32f032xx_s_keil.o(.text))
<BR>[Address Reference Count : 1]<UL><LI> startup_mm32f032xx_s_keil.o(RESET)
</UL>
<P><STRONG><a name="[c]"></a>EXTI2_3_IRQHandler</STRONG> (Thumb, 0 bytes, Stack size 0 bytes, startup_mm32f032xx_s_keil.o(.text))
<BR>[Address Reference Count : 1]<UL><LI> startup_mm32f032xx_s_keil.o(RESET)
</UL>
<P><STRONG><a name="[d]"></a>EXTI4_15_IRQHandler</STRONG> (Thumb, 0 bytes, Stack size 0 bytes, startup_mm32f032xx_s_keil.o(.text))
<BR>[Address Reference Count : 1]<UL><LI> startup_mm32f032xx_s_keil.o(RESET)
</UL>
<P><STRONG><a name="[9]"></a>FLASH_IRQHandler</STRONG> (Thumb, 0 bytes, Stack size 0 bytes, startup_mm32f032xx_s_keil.o(.text))
<BR>[Address Reference Count : 1]<UL><LI> startup_mm32f032xx_s_keil.o(RESET)
</UL>
<P><STRONG><a name="[19]"></a>I2C1_IRQHandler</STRONG> (Thumb, 0 bytes, Stack size 0 bytes, startup_mm32f032xx_s_keil.o(.text))
<BR>[Address Reference Count : 1]<UL><LI> startup_mm32f032xx_s_keil.o(RESET)
</UL>
<P><STRONG><a name="[7]"></a>PVD_IRQHandler</STRONG> (Thumb, 0 bytes, Stack size 0 bytes, startup_mm32f032xx_s_keil.o(.text))
<BR>[Address Reference Count : 1]<UL><LI> startup_mm32f032xx_s_keil.o(RESET)
</UL>
<P><STRONG><a name="[a]"></a>RCC_CRS_IRQHandler</STRONG> (Thumb, 0 bytes, Stack size 0 bytes, startup_mm32f032xx_s_keil.o(.text))
<BR>[Address Reference Count : 1]<UL><LI> startup_mm32f032xx_s_keil.o(RESET)
</UL>
<P><STRONG><a name="[8]"></a>RTC_BKP_IRQHandler</STRONG> (Thumb, 0 bytes, Stack size 0 bytes, startup_mm32f032xx_s_keil.o(.text))
<BR>[Address Reference Count : 1]<UL><LI> startup_mm32f032xx_s_keil.o(RESET)
</UL>
<P><STRONG><a name="[1a]"></a>SPI1_IRQHandler</STRONG> (Thumb, 0 bytes, Stack size 0 bytes, startup_mm32f032xx_s_keil.o(.text))
<BR>[Address Reference Count : 1]<UL><LI> startup_mm32f032xx_s_keil.o(RESET)
</UL>
<P><STRONG><a name="[1b]"></a>SPI2_IRQHandler</STRONG> (Thumb, 0 bytes, Stack size 0 bytes, startup_mm32f032xx_s_keil.o(.text))
<BR>[Address Reference Count : 1]<UL><LI> startup_mm32f032xx_s_keil.o(RESET)
</UL>
<P><STRONG><a name="[16]"></a>TIM14_IRQHandler</STRONG> (Thumb, 0 bytes, Stack size 0 bytes, startup_mm32f032xx_s_keil.o(.text))
<BR>[Address Reference Count : 1]<UL><LI> startup_mm32f032xx_s_keil.o(RESET)
</UL>
<P><STRONG><a name="[17]"></a>TIM16_IRQHandler</STRONG> (Thumb, 0 bytes, Stack size 0 bytes, startup_mm32f032xx_s_keil.o(.text))
<BR>[Address Reference Count : 1]<UL><LI> startup_mm32f032xx_s_keil.o(RESET)
</UL>
<P><STRONG><a name="[18]"></a>TIM17_IRQHandler</STRONG> (Thumb, 0 bytes, Stack size 0 bytes, startup_mm32f032xx_s_keil.o(.text))
<BR>[Address Reference Count : 1]<UL><LI> startup_mm32f032xx_s_keil.o(RESET)
</UL>
<P><STRONG><a name="[12]"></a>TIM1_BRK_UP_TRG_COM_IRQHandler</STRONG> (Thumb, 0 bytes, Stack size 0 bytes, startup_mm32f032xx_s_keil.o(.text))
<BR>[Address Reference Count : 1]<UL><LI> startup_mm32f032xx_s_keil.o(RESET)
</UL>
<P><STRONG><a name="[13]"></a>TIM1_CC_IRQHandler</STRONG> (Thumb, 0 bytes, Stack size 0 bytes, startup_mm32f032xx_s_keil.o(.text))
<BR>[Address Reference Count : 1]<UL><LI> startup_mm32f032xx_s_keil.o(RESET)
</UL>
<P><STRONG><a name="[14]"></a>TIM2_IRQHandler</STRONG> (Thumb, 0 bytes, Stack size 0 bytes, startup_mm32f032xx_s_keil.o(.text))
<BR>[Address Reference Count : 1]<UL><LI> startup_mm32f032xx_s_keil.o(RESET)
</UL>
<P><STRONG><a name="[15]"></a>TIM3_IRQHandler</STRONG> (Thumb, 0 bytes, Stack size 0 bytes, startup_mm32f032xx_s_keil.o(.text))
<BR>[Address Reference Count : 1]<UL><LI> startup_mm32f032xx_s_keil.o(RESET)
</UL>
<P><STRONG><a name="[1f]"></a>USB_IRQHandler</STRONG> (Thumb, 0 bytes, Stack size 0 bytes, startup_mm32f032xx_s_keil.o(.text))
<BR>[Address Reference Count : 1]<UL><LI> startup_mm32f032xx_s_keil.o(RESET)
</UL>
<P><STRONG><a name="[6]"></a>WWDG_IRQHandler</STRONG> (Thumb, 0 bytes, Stack size 0 bytes, startup_mm32f032xx_s_keil.o(.text))
<BR>[Address Reference Count : 1]<UL><LI> startup_mm32f032xx_s_keil.o(RESET)
</UL>
<P><STRONG><a name="[53]"></a>__aeabi_uidiv</STRONG> (Thumb, 0 bytes, Stack size 12 bytes, uidiv.o(.text), UNUSED)

<P><STRONG><a name="[2a]"></a>__aeabi_uidivmod</STRONG> (Thumb, 44 bytes, Stack size 12 bytes, uidiv.o(.text))
<BR><BR>[Stack]<UL><LI>Max Depth = 12<LI>Call Chain = __aeabi_uidivmod
</UL>
<BR>[Called By]<UL><LI><a href="#[3e]">&gt;&gt;</a>&nbsp;&nbsp;&nbsp;UART_Init
<LI><a href="#[31]">&gt;&gt;</a>&nbsp;&nbsp;&nbsp;RCC_GetSysClockFreq
<LI><a href="#[36]">&gt;&gt;</a>&nbsp;&nbsp;&nbsp;SysTick_Init
<LI><a href="#[29]">&gt;&gt;</a>&nbsp;&nbsp;&nbsp;AutoCalPllFactor
<LI><a href="#[35]">&gt;&gt;</a>&nbsp;&nbsp;&nbsp;SetSysClockTo48_HSI
</UL>

<P><STRONG><a name="[25]"></a>__scatterload</STRONG> (Thumb, 28 bytes, Stack size 0 bytes, init.o(.text))
<BR><BR>[Calls]<UL><LI><a href="#[28]">&gt;&gt;</a>&nbsp;&nbsp;&nbsp;__main_after_scatterload
</UL>
<BR>[Called By]<UL><LI><a href="#[24]">&gt;&gt;</a>&nbsp;&nbsp;&nbsp;_main_scatterload
</UL>

<P><STRONG><a name="[54]"></a>__scatterload_rt2</STRONG> (Thumb, 0 bytes, Stack size 0 bytes, init.o(.text), UNUSED)

<P><STRONG><a name="[29]"></a>AutoCalPllFactor</STRONG> (Thumb, 106 bytes, Stack size 48 bytes, system_mm32f032xx_s.o(i.AutoCalPllFactor))
<BR><BR>[Stack]<UL><LI>Max Depth = 60<LI>Call Chain = AutoCalPllFactor &rArr; __aeabi_uidivmod
</UL>
<BR>[Calls]<UL><LI><a href="#[2a]">&gt;&gt;</a>&nbsp;&nbsp;&nbsp;__aeabi_uidivmod
</UL>
<BR>[Called By]<UL><LI><a href="#[35]">&gt;&gt;</a>&nbsp;&nbsp;&nbsp;SetSysClockTo48_HSI
</UL>

<P><STRONG><a name="[2b]"></a>BSP_LED_Init</STRONG> (Thumb, 94 bytes, Stack size 8 bytes, bsp_led.o(i.BSP_LED_Init))
<BR><BR>[Stack]<UL><LI>Max Depth = 32<LI>Call Chain = BSP_LED_Init &rArr; GPIO_Init
</UL>
<BR>[Calls]<UL><LI><a href="#[2f]">&gt;&gt;</a>&nbsp;&nbsp;&nbsp;GPIO_ResetBits
<LI><a href="#[2c]">&gt;&gt;</a>&nbsp;&nbsp;&nbsp;RCC_AHBPeriphClockCmd
<LI><a href="#[2d]">&gt;&gt;</a>&nbsp;&nbsp;&nbsp;GPIO_StructInit
<LI><a href="#[2e]">&gt;&gt;</a>&nbsp;&nbsp;&nbsp;GPIO_Init
</UL>
<BR>[Called By]<UL><LI><a href="#[20]">&gt;&gt;</a>&nbsp;&nbsp;&nbsp;main
</UL>

<P><STRONG><a name="[2e]"></a>GPIO_Init</STRONG> (Thumb, 154 bytes, Stack size 24 bytes, hal_gpio.o(i.GPIO_Init))
<BR><BR>[Stack]<UL><LI>Max Depth = 24<LI>Call Chain = GPIO_Init
</UL>
<BR>[Called By]<UL><LI><a href="#[3f]">&gt;&gt;</a>&nbsp;&nbsp;&nbsp;UARTx_Configure
<LI><a href="#[2b]">&gt;&gt;</a>&nbsp;&nbsp;&nbsp;BSP_LED_Init
</UL>

<P><STRONG><a name="[43]"></a>GPIO_PinAFConfig</STRONG> (Thumb, 40 bytes, Stack size 16 bytes, hal_gpio.o(i.GPIO_PinAFConfig))
<BR><BR>[Stack]<UL><LI>Max Depth = 16<LI>Call Chain = GPIO_PinAFConfig
</UL>
<BR>[Called By]<UL><LI><a href="#[3f]">&gt;&gt;</a>&nbsp;&nbsp;&nbsp;UARTx_Configure
</UL>

<P><STRONG><a name="[49]"></a>GPIO_ReadOutputDataBit</STRONG> (Thumb, 18 bytes, Stack size 0 bytes, hal_gpio.o(i.GPIO_ReadOutputDataBit))
<BR><BR>[Called By]<UL><LI><a href="#[20]">&gt;&gt;</a>&nbsp;&nbsp;&nbsp;main
</UL>

<P><STRONG><a name="[2f]"></a>GPIO_ResetBits</STRONG> (Thumb, 4 bytes, Stack size 0 bytes, hal_gpio.o(i.GPIO_ResetBits))
<BR><BR>[Called By]<UL><LI><a href="#[2b]">&gt;&gt;</a>&nbsp;&nbsp;&nbsp;BSP_LED_Init
</UL>

<P><STRONG><a name="[2d]"></a>GPIO_StructInit</STRONG> (Thumb, 16 bytes, Stack size 0 bytes, hal_gpio.o(i.GPIO_StructInit))
<BR><BR>[Called By]<UL><LI><a href="#[3f]">&gt;&gt;</a>&nbsp;&nbsp;&nbsp;UARTx_Configure
<LI><a href="#[2b]">&gt;&gt;</a>&nbsp;&nbsp;&nbsp;BSP_LED_Init
</UL>

<P><STRONG><a name="[4a]"></a>GPIO_WriteBit</STRONG> (Thumb, 12 bytes, Stack size 0 bytes, hal_gpio.o(i.GPIO_WriteBit))
<BR><BR>[Called By]<UL><LI><a href="#[20]">&gt;&gt;</a>&nbsp;&nbsp;&nbsp;main
</UL>

<P><STRONG><a name="[44]"></a>NVIC_Init</STRONG> (Thumb, 100 bytes, Stack size 0 bytes, hal_misc.o(i.NVIC_Init))
<BR><BR>[Called By]<UL><LI><a href="#[3f]">&gt;&gt;</a>&nbsp;&nbsp;&nbsp;UARTx_Configure
</UL>

<P><STRONG><a name="[2c]"></a>RCC_AHBPeriphClockCmd</STRONG> (Thumb, 28 bytes, Stack size 0 bytes, hal_rcc.o(i.RCC_AHBPeriphClockCmd))
<BR><BR>[Called By]<UL><LI><a href="#[3f]">&gt;&gt;</a>&nbsp;&nbsp;&nbsp;UARTx_Configure
<LI><a href="#[2b]">&gt;&gt;</a>&nbsp;&nbsp;&nbsp;BSP_LED_Init
</UL>

<P><STRONG><a name="[45]"></a>RCC_APB1PeriphClockCmd</STRONG> (Thumb, 28 bytes, Stack size 0 bytes, hal_rcc.o(i.RCC_APB1PeriphClockCmd))
<BR><BR>[Called By]<UL><LI><a href="#[3f]">&gt;&gt;</a>&nbsp;&nbsp;&nbsp;UARTx_Configure
</UL>

<P><STRONG><a name="[40]"></a>RCC_APB2PeriphClockCmd</STRONG> (Thumb, 28 bytes, Stack size 0 bytes, hal_rcc.o(i.RCC_APB2PeriphClockCmd))
<BR><BR>[Called By]<UL><LI><a href="#[3f]">&gt;&gt;</a>&nbsp;&nbsp;&nbsp;UARTx_Configure
</UL>

<P><STRONG><a name="[30]"></a>RCC_GetHCLKFreq</STRONG> (Thumb, 24 bytes, Stack size 8 bytes, hal_rcc.o(i.RCC_GetHCLKFreq))
<BR><BR>[Stack]<UL><LI>Max Depth = 36<LI>Call Chain = RCC_GetHCLKFreq &rArr; RCC_GetSysClockFreq &rArr; __aeabi_uidivmod
</UL>
<BR>[Calls]<UL><LI><a href="#[31]">&gt;&gt;</a>&nbsp;&nbsp;&nbsp;RCC_GetSysClockFreq
</UL>
<BR>[Called By]<UL><LI><a href="#[33]">&gt;&gt;</a>&nbsp;&nbsp;&nbsp;RCC_GetPCLK2Freq
<LI><a href="#[32]">&gt;&gt;</a>&nbsp;&nbsp;&nbsp;RCC_GetPCLK1Freq
</UL>

<P><STRONG><a name="[32]"></a>RCC_GetPCLK1Freq</STRONG> (Thumb, 26 bytes, Stack size 8 bytes, hal_rcc.o(i.RCC_GetPCLK1Freq))
<BR><BR>[Stack]<UL><LI>Max Depth = 44<LI>Call Chain = RCC_GetPCLK1Freq &rArr; RCC_GetHCLKFreq &rArr; RCC_GetSysClockFreq &rArr; __aeabi_uidivmod
</UL>
<BR>[Calls]<UL><LI><a href="#[30]">&gt;&gt;</a>&nbsp;&nbsp;&nbsp;RCC_GetHCLKFreq
</UL>
<BR>[Called By]<UL><LI><a href="#[3e]">&gt;&gt;</a>&nbsp;&nbsp;&nbsp;UART_Init
</UL>

<P><STRONG><a name="[33]"></a>RCC_GetPCLK2Freq</STRONG> (Thumb, 26 bytes, Stack size 8 bytes, hal_rcc.o(i.RCC_GetPCLK2Freq))
<BR><BR>[Stack]<UL><LI>Max Depth = 44<LI>Call Chain = RCC_GetPCLK2Freq &rArr; RCC_GetHCLKFreq &rArr; RCC_GetSysClockFreq &rArr; __aeabi_uidivmod
</UL>
<BR>[Calls]<UL><LI><a href="#[30]">&gt;&gt;</a>&nbsp;&nbsp;&nbsp;RCC_GetHCLKFreq
</UL>
<BR>[Called By]<UL><LI><a href="#[3e]">&gt;&gt;</a>&nbsp;&nbsp;&nbsp;UART_Init
</UL>

<P><STRONG><a name="[31]"></a>RCC_GetSysClockFreq</STRONG> (Thumb, 102 bytes, Stack size 16 bytes, hal_rcc.o(i.RCC_GetSysClockFreq))
<BR><BR>[Stack]<UL><LI>Max Depth = 28<LI>Call Chain = RCC_GetSysClockFreq &rArr; __aeabi_uidivmod
</UL>
<BR>[Calls]<UL><LI><a href="#[2a]">&gt;&gt;</a>&nbsp;&nbsp;&nbsp;__aeabi_uidivmod
</UL>
<BR>[Called By]<UL><LI><a href="#[36]">&gt;&gt;</a>&nbsp;&nbsp;&nbsp;SysTick_Init
<LI><a href="#[30]">&gt;&gt;</a>&nbsp;&nbsp;&nbsp;RCC_GetHCLKFreq
</UL>

<P><STRONG><a name="[4b]"></a>SysTick_DelayMs</STRONG> (Thumb, 16 bytes, Stack size 0 bytes, systick.o(i.SysTick_DelayMs))
<BR><BR>[Called By]<UL><LI><a href="#[20]">&gt;&gt;</a>&nbsp;&nbsp;&nbsp;main
</UL>

<P><STRONG><a name="[5]"></a>SysTick_Handler</STRONG> (Thumb, 20 bytes, Stack size 0 bytes, systick.o(i.SysTick_Handler))
<BR>[Address Reference Count : 1]<UL><LI> startup_mm32f032xx_s_keil.o(RESET)
</UL>
<P><STRONG><a name="[36]"></a>SysTick_Init</STRONG> (Thumb, 74 bytes, Stack size 16 bytes, systick.o(i.SysTick_Init))
<BR><BR>[Stack]<UL><LI>Max Depth = 44<LI>Call Chain = SysTick_Init &rArr; RCC_GetSysClockFreq &rArr; __aeabi_uidivmod
</UL>
<BR>[Calls]<UL><LI><a href="#[31]">&gt;&gt;</a>&nbsp;&nbsp;&nbsp;RCC_GetSysClockFreq
<LI><a href="#[37]">&gt;&gt;</a>&nbsp;&nbsp;&nbsp;NVIC_SetPriority
<LI><a href="#[2a]">&gt;&gt;</a>&nbsp;&nbsp;&nbsp;__aeabi_uidivmod
</UL>
<BR>[Called By]<UL><LI><a href="#[20]">&gt;&gt;</a>&nbsp;&nbsp;&nbsp;main
</UL>

<P><STRONG><a name="[21]"></a>SystemInit</STRONG> (Thumb, 90 bytes, Stack size 8 bytes, system_mm32f032xx_s.o(i.SystemInit))
<BR><BR>[Stack]<UL><LI>Max Depth = 108<LI>Call Chain = SystemInit &rArr; SetSysClock &rArr; SetSysClockTo48_HSI &rArr; AutoCalPllFactor &rArr; __aeabi_uidivmod
</UL>
<BR>[Calls]<UL><LI><a href="#[34]">&gt;&gt;</a>&nbsp;&nbsp;&nbsp;SetSysClock
</UL>
<BR>[Address Reference Count : 1]<UL><LI> startup_mm32f032xx_s_keil.o(.text)
</UL>
<P><STRONG><a name="[1c]"></a>UART1_IRQHandler</STRONG> (Thumb, 106 bytes, Stack size 8 bytes, uart.o(i.UART1_IRQHandler))
<BR><BR>[Stack]<UL><LI>Max Depth = 24<LI>Call Chain = UART1_IRQHandler &rArr; uart1_SendBuff
</UL>
<BR>[Calls]<UL><LI><a href="#[39]">&gt;&gt;</a>&nbsp;&nbsp;&nbsp;UART_ReceiveData
<LI><a href="#[38]">&gt;&gt;</a>&nbsp;&nbsp;&nbsp;UART_GetITStatus
<LI><a href="#[3a]">&gt;&gt;</a>&nbsp;&nbsp;&nbsp;uart1_SendBuff
</UL>
<BR>[Address Reference Count : 1]<UL><LI> startup_mm32f032xx_s_keil.o(RESET)
</UL>
<P><STRONG><a name="[1d]"></a>UART2_IRQHandler</STRONG> (Thumb, 172 bytes, Stack size 8 bytes, uart.o(i.UART2_IRQHandler))
<BR><BR>[Stack]<UL><LI>Max Depth = 8<LI>Call Chain = UART2_IRQHandler
</UL>
<BR>[Calls]<UL><LI><a href="#[3d]">&gt;&gt;</a>&nbsp;&nbsp;&nbsp;UART_SendData
<LI><a href="#[39]">&gt;&gt;</a>&nbsp;&nbsp;&nbsp;UART_ReceiveData
<LI><a href="#[3c]">&gt;&gt;</a>&nbsp;&nbsp;&nbsp;UART_ITConfig
<LI><a href="#[38]">&gt;&gt;</a>&nbsp;&nbsp;&nbsp;UART_GetITStatus
<LI><a href="#[3b]">&gt;&gt;</a>&nbsp;&nbsp;&nbsp;UART_ClearITPendingBit
</UL>
<BR>[Address Reference Count : 1]<UL><LI> startup_mm32f032xx_s_keil.o(RESET)
</UL>
<P><STRONG><a name="[3b]"></a>UART_ClearITPendingBit</STRONG> (Thumb, 4 bytes, Stack size 0 bytes, hal_uart.o(i.UART_ClearITPendingBit))
<BR><BR>[Called By]<UL><LI><a href="#[1d]">&gt;&gt;</a>&nbsp;&nbsp;&nbsp;UART2_IRQHandler
</UL>

<P><STRONG><a name="[42]"></a>UART_Cmd</STRONG> (Thumb, 12 bytes, Stack size 0 bytes, hal_uart.o(i.UART_Cmd))
<BR><BR>[Called By]<UL><LI><a href="#[3f]">&gt;&gt;</a>&nbsp;&nbsp;&nbsp;UARTx_Configure
</UL>

<P><STRONG><a name="[48]"></a>UART_GetFlagStatus</STRONG> (Thumb, 18 bytes, Stack size 0 bytes, hal_uart.o(i.UART_GetFlagStatus))
<BR><BR>[Called By]<UL><LI><a href="#[3a]">&gt;&gt;</a>&nbsp;&nbsp;&nbsp;uart1_SendBuff
<LI><a href="#[23]">&gt;&gt;</a>&nbsp;&nbsp;&nbsp;fputc
</UL>

<P><STRONG><a name="[38]"></a>UART_GetITStatus</STRONG> (Thumb, 18 bytes, Stack size 0 bytes, hal_uart.o(i.UART_GetITStatus))
<BR><BR>[Called By]<UL><LI><a href="#[1d]">&gt;&gt;</a>&nbsp;&nbsp;&nbsp;UART2_IRQHandler
<LI><a href="#[1c]">&gt;&gt;</a>&nbsp;&nbsp;&nbsp;UART1_IRQHandler
</UL>

<P><STRONG><a name="[3c]"></a>UART_ITConfig</STRONG> (Thumb, 20 bytes, Stack size 0 bytes, hal_uart.o(i.UART_ITConfig))
<BR><BR>[Called By]<UL><LI><a href="#[1d]">&gt;&gt;</a>&nbsp;&nbsp;&nbsp;UART2_IRQHandler
<LI><a href="#[3f]">&gt;&gt;</a>&nbsp;&nbsp;&nbsp;UARTx_Configure
</UL>

<P><STRONG><a name="[3e]"></a>UART_Init</STRONG> (Thumb, 116 bytes, Stack size 16 bytes, hal_uart.o(i.UART_Init))
<BR><BR>[Stack]<UL><LI>Max Depth = 60<LI>Call Chain = UART_Init &rArr; RCC_GetPCLK2Freq &rArr; RCC_GetHCLKFreq &rArr; RCC_GetSysClockFreq &rArr; __aeabi_uidivmod
</UL>
<BR>[Calls]<UL><LI><a href="#[33]">&gt;&gt;</a>&nbsp;&nbsp;&nbsp;RCC_GetPCLK2Freq
<LI><a href="#[32]">&gt;&gt;</a>&nbsp;&nbsp;&nbsp;RCC_GetPCLK1Freq
<LI><a href="#[2a]">&gt;&gt;</a>&nbsp;&nbsp;&nbsp;__aeabi_uidivmod
</UL>
<BR>[Called By]<UL><LI><a href="#[3f]">&gt;&gt;</a>&nbsp;&nbsp;&nbsp;UARTx_Configure
</UL>

<P><STRONG><a name="[39]"></a>UART_ReceiveData</STRONG> (Thumb, 8 bytes, Stack size 0 bytes, hal_uart.o(i.UART_ReceiveData))
<BR><BR>[Called By]<UL><LI><a href="#[1d]">&gt;&gt;</a>&nbsp;&nbsp;&nbsp;UART2_IRQHandler
<LI><a href="#[1c]">&gt;&gt;</a>&nbsp;&nbsp;&nbsp;UART1_IRQHandler
</UL>

<P><STRONG><a name="[3d]"></a>UART_SendData</STRONG> (Thumb, 6 bytes, Stack size 0 bytes, hal_uart.o(i.UART_SendData))
<BR><BR>[Called By]<UL><LI><a href="#[3a]">&gt;&gt;</a>&nbsp;&nbsp;&nbsp;uart1_SendBuff
<LI><a href="#[23]">&gt;&gt;</a>&nbsp;&nbsp;&nbsp;fputc
<LI><a href="#[1d]">&gt;&gt;</a>&nbsp;&nbsp;&nbsp;UART2_IRQHandler
</UL>

<P><STRONG><a name="[41]"></a>UART_StructInit</STRONG> (Thumb, 26 bytes, Stack size 0 bytes, hal_uart.o(i.UART_StructInit))
<BR><BR>[Called By]<UL><LI><a href="#[3f]">&gt;&gt;</a>&nbsp;&nbsp;&nbsp;UARTx_Configure
</UL>

<P><STRONG><a name="[3f]"></a>UARTx_Configure</STRONG> (Thumb, 364 bytes, Stack size 48 bytes, uart.o(i.UARTx_Configure))
<BR><BR>[Stack]<UL><LI>Max Depth = 108<LI>Call Chain = UARTx_Configure &rArr; UART_Init &rArr; RCC_GetPCLK2Freq &rArr; RCC_GetHCLKFreq &rArr; RCC_GetSysClockFreq &rArr; __aeabi_uidivmod
</UL>
<BR>[Calls]<UL><LI><a href="#[41]">&gt;&gt;</a>&nbsp;&nbsp;&nbsp;UART_StructInit
<LI><a href="#[3e]">&gt;&gt;</a>&nbsp;&nbsp;&nbsp;UART_Init
<LI><a href="#[3c]">&gt;&gt;</a>&nbsp;&nbsp;&nbsp;UART_ITConfig
<LI><a href="#[42]">&gt;&gt;</a>&nbsp;&nbsp;&nbsp;UART_Cmd
<LI><a href="#[40]">&gt;&gt;</a>&nbsp;&nbsp;&nbsp;RCC_APB2PeriphClockCmd
<LI><a href="#[45]">&gt;&gt;</a>&nbsp;&nbsp;&nbsp;RCC_APB1PeriphClockCmd
<LI><a href="#[2c]">&gt;&gt;</a>&nbsp;&nbsp;&nbsp;RCC_AHBPeriphClockCmd
<LI><a href="#[44]">&gt;&gt;</a>&nbsp;&nbsp;&nbsp;NVIC_Init
<LI><a href="#[2d]">&gt;&gt;</a>&nbsp;&nbsp;&nbsp;GPIO_StructInit
<LI><a href="#[43]">&gt;&gt;</a>&nbsp;&nbsp;&nbsp;GPIO_PinAFConfig
<LI><a href="#[2e]">&gt;&gt;</a>&nbsp;&nbsp;&nbsp;GPIO_Init
</UL>
<BR>[Called By]<UL><LI><a href="#[20]">&gt;&gt;</a>&nbsp;&nbsp;&nbsp;main
</UL>

<P><STRONG><a name="[46]"></a>__0printf$2</STRONG> (Thumb, 24 bytes, Stack size 24 bytes, printf2.o(i.__0printf$2), UNUSED)
<BR><BR>[Calls]<UL><LI><a href="#[47]">&gt;&gt;</a>&nbsp;&nbsp;&nbsp;_printf_core
</UL>

<P><STRONG><a name="[55]"></a>__1printf$2</STRONG> (Thumb, 0 bytes, Stack size 24 bytes, printf2.o(i.__0printf$2), UNUSED)

<P><STRONG><a name="[4c]"></a>__2printf</STRONG> (Thumb, 0 bytes, Stack size 24 bytes, printf2.o(i.__0printf$2))
<BR><BR>[Stack]<UL><LI>Max Depth = 24<LI>Call Chain = __2printf
</UL>
<BR>[Called By]<UL><LI><a href="#[20]">&gt;&gt;</a>&nbsp;&nbsp;&nbsp;main
</UL>

<P><STRONG><a name="[56]"></a>__scatterload_copy</STRONG> (Thumb, 14 bytes, Stack size unknown bytes, handlers.o(i.__scatterload_copy), UNUSED)

<P><STRONG><a name="[57]"></a>__scatterload_null</STRONG> (Thumb, 2 bytes, Stack size unknown bytes, handlers.o(i.__scatterload_null), UNUSED)

<P><STRONG><a name="[58]"></a>__scatterload_zeroinit</STRONG> (Thumb, 14 bytes, Stack size unknown bytes, handlers.o(i.__scatterload_zeroinit), UNUSED)

<P><STRONG><a name="[23]"></a>fputc</STRONG> (Thumb, 32 bytes, Stack size 16 bytes, uart.o(i.fputc))
<BR><BR>[Stack]<UL><LI>Max Depth = 16<LI>Call Chain = fputc
</UL>
<BR>[Calls]<UL><LI><a href="#[3d]">&gt;&gt;</a>&nbsp;&nbsp;&nbsp;UART_SendData
<LI><a href="#[48]">&gt;&gt;</a>&nbsp;&nbsp;&nbsp;UART_GetFlagStatus
</UL>
<BR>[Address Reference Count : 1]<UL><LI> printf2.o(i.__0printf$2)
</UL>
<P><STRONG><a name="[20]"></a>main</STRONG> (Thumb, 212 bytes, Stack size 8 bytes, main.o(i.main))
<BR><BR>[Stack]<UL><LI>Max Depth = 116<LI>Call Chain = main &rArr; UARTx_Configure &rArr; UART_Init &rArr; RCC_GetPCLK2Freq &rArr; RCC_GetHCLKFreq &rArr; RCC_GetSysClockFreq &rArr; __aeabi_uidivmod
</UL>
<BR>[Calls]<UL><LI><a href="#[3f]">&gt;&gt;</a>&nbsp;&nbsp;&nbsp;UARTx_Configure
<LI><a href="#[36]">&gt;&gt;</a>&nbsp;&nbsp;&nbsp;SysTick_Init
<LI><a href="#[4b]">&gt;&gt;</a>&nbsp;&nbsp;&nbsp;SysTick_DelayMs
<LI><a href="#[4a]">&gt;&gt;</a>&nbsp;&nbsp;&nbsp;GPIO_WriteBit
<LI><a href="#[49]">&gt;&gt;</a>&nbsp;&nbsp;&nbsp;GPIO_ReadOutputDataBit
<LI><a href="#[2b]">&gt;&gt;</a>&nbsp;&nbsp;&nbsp;BSP_LED_Init
<LI><a href="#[4c]">&gt;&gt;</a>&nbsp;&nbsp;&nbsp;__2printf
</UL>
<BR>[Address Reference Count : 1]<UL><LI> entry9a.o(.ARM.Collect$$$$0000000B)
</UL>
<P><STRONG><a name="[3a]"></a>uart1_SendBuff</STRONG> (Thumb, 58 bytes, Stack size 16 bytes, uart.o(i.uart1_SendBuff))
<BR><BR>[Stack]<UL><LI>Max Depth = 16<LI>Call Chain = uart1_SendBuff
</UL>
<BR>[Calls]<UL><LI><a href="#[3d]">&gt;&gt;</a>&nbsp;&nbsp;&nbsp;UART_SendData
<LI><a href="#[48]">&gt;&gt;</a>&nbsp;&nbsp;&nbsp;UART_GetFlagStatus
</UL>
<BR>[Called By]<UL><LI><a href="#[1c]">&gt;&gt;</a>&nbsp;&nbsp;&nbsp;UART1_IRQHandler
</UL>
<P>
<H3>
Local Symbols
</H3>
<P><STRONG><a name="[34]"></a>SetSysClock</STRONG> (Thumb, 8 bytes, Stack size 8 bytes, system_mm32f032xx_s.o(i.SetSysClock))
<BR><BR>[Stack]<UL><LI>Max Depth = 100<LI>Call Chain = SetSysClock &rArr; SetSysClockTo48_HSI &rArr; AutoCalPllFactor &rArr; __aeabi_uidivmod
</UL>
<BR>[Calls]<UL><LI><a href="#[35]">&gt;&gt;</a>&nbsp;&nbsp;&nbsp;SetSysClockTo48_HSI
</UL>
<BR>[Called By]<UL><LI><a href="#[21]">&gt;&gt;</a>&nbsp;&nbsp;&nbsp;SystemInit
</UL>

<P><STRONG><a name="[35]"></a>SetSysClockTo48_HSI</STRONG> (Thumb, 348 bytes, Stack size 32 bytes, system_mm32f032xx_s.o(i.SetSysClockTo48_HSI))
<BR><BR>[Stack]<UL><LI>Max Depth = 92<LI>Call Chain = SetSysClockTo48_HSI &rArr; AutoCalPllFactor &rArr; __aeabi_uidivmod
</UL>
<BR>[Calls]<UL><LI><a href="#[29]">&gt;&gt;</a>&nbsp;&nbsp;&nbsp;AutoCalPllFactor
<LI><a href="#[2a]">&gt;&gt;</a>&nbsp;&nbsp;&nbsp;__aeabi_uidivmod
</UL>
<BR>[Called By]<UL><LI><a href="#[34]">&gt;&gt;</a>&nbsp;&nbsp;&nbsp;SetSysClock
</UL>

<P><STRONG><a name="[37]"></a>NVIC_SetPriority</STRONG> (Thumb, 110 bytes, Stack size 8 bytes, systick.o(i.NVIC_SetPriority))
<BR><BR>[Stack]<UL><LI>Max Depth = 8<LI>Call Chain = NVIC_SetPriority
</UL>
<BR>[Called By]<UL><LI><a href="#[36]">&gt;&gt;</a>&nbsp;&nbsp;&nbsp;SysTick_Init
</UL>

<P><STRONG><a name="[47]"></a>_printf_core</STRONG> (Thumb, 210 bytes, Stack size 40 bytes, printf2.o(i._printf_core), UNUSED)
<BR><BR>[Called By]<UL><LI><a href="#[46]">&gt;&gt;</a>&nbsp;&nbsp;&nbsp;__0printf$2
</UL>
<P>
<H3>
Undefined Global Symbols
</H3>
<P><STRONG><a name="[27]"></a>__arm_fini_</STRONG> (Unknown, 0 bytes, Stack size 0 bytes, UNDEFINED)
<BR><BR>[Called By]<UL><LI><a href="#[26]">&gt;&gt;</a>&nbsp;&nbsp;&nbsp;__rt_lib_shutdown_fini
</UL>
<HR></body></html>
